9999
Display individual fields...
9999
hungry
1500000000.0
Display whole thing...
{
  "betook":{
    "baggins":9999,
    "bilbo":"hungry"
  },
  "blueness":1500000000.0
}
OK double value is close enough
OK this field exists
OK this field does not exist
OK these objects match
OK these objects match
OK these objects don't match
OK these objects don't match
