(web) PSUBSCRIBE channel.events.printer*
(web) PSUBSCRIBE channel.debug.printer
(printer) PUBLISH channel.debug.printer { "message": "printer starting to smoke", "level": 1, "channel": "channel.debug.printer", "timestamp": "1668556824.464753", "component": "printer", "thread": "monitor", "tid": 15142 }
(web) (printer) [MESSAGE] { "message": "printer starting to smoke", "level": 1, "channel": "channel.debug.printer", "timestamp": "1668556824.464753", "component": "printer", "thread": "monitor", "tid": 15142 }PUBLISH channel.debug.printer { "message": "printer on fire!!", "level": 0, "channel": "channel.debug.printer", "timestamp": "1668556824.465350", "component": "printer", "thread": "monitor", "tid": 15142 }

(printer) PUBLISH channel.events.printer.state { "severity": "warning", "message": "printer is down for the count", "channel": "channel.events.printer.state", "timestamp": "1668556824.465616", "component": "printer", "thread": "monitor", "tid": 15142 }
(web) [MESSAGE] { "message": "printer on fire!!", "level": 0, "channel": "channel.debug.printer", "timestamp": "1668556824.465350", "component": "printer", "thread": "monitor", "tid": 15142 }
(web) PUNSUBSCRIBE channel.events.*
(printer) PUBLISH channel.events.printer.media { "severity": "alert", "message": "there went our expensive paper", "pages_remaining": 0, "channel": "channel.events.printer.media", "timestamp": "1668556824.465889", "component": "printer", "thread": "monitor", "tid": 15142 }
(web) [ERROR] command failed: ERR only (P)SUBSCRIBE / (P)UNSUBSCRIBE / PING / QUIT allowed in this context
(web) (printer) PUNSUBSCRIBE channel.debug.*PUBLISH channel.events.printer { "severity": "info", "message": "save trees, go digital", "channel": "channel.events.printer", "timestamp": "1668556824.466072", "component": "printer", "thread": "monitor", "tid": 15142 }

(web) [ERROR] command failed: ERR only (P)SUBSCRIBE / (P)UNSUBSCRIBE / PING / QUIT allowed in this context
