HMSET status.session open until closed procedure complicated 
HSET settings.redis-ipc settings-writer db
** This attempt to write settings should fail...
[ERROR] component session is not authorized to write settings
** This attempt to write single setting should fail...
[ERROR] component session is not authorized to write settings
HGETALL settings.session
[HASH] location='still right here'
HGET settings.session location
[HASH_FIELD] location='still right here'
HSET settings.redis-ipc settings-writer session
** This attempt to write single setting should work...
HSET settings.session location still right here
HSET settings.redis-ipc settings-writer db
HGETALL status.session
[HASH] open='until closed' procedure='complicated'
** This attempt to write settings should work...
HMSET settings.printer num_copies until ink runs out paper_type wrinkled 
** This attempt to write single setting should work...
HSET settings.printer contrast none
HGETALL settings.printer
[HASH] num_copies='until ink runs out' paper_type='wrinkled' contrast='none'
HSET settings.redis-ipc stderr 0
** This attempt to read single setting should *not* print debug...
** This attempt to read single setting *should* print debug...
HGET settings.printer paper_type
[HASH_FIELD] paper_type='wrinkled'
